// Jest Snapshot v1, https://goo.gl/fbAQLP

exports[`Login should render properly matching with its snapshots 1`] = `ShallowWrapper {}`;
